[gict.world/ru.html]
[backblue.gif]
[fade.gif]
[index.html]
[maxcdn.bootstrapcdn.com/bootstrap/3.3.7/css/bootstrap.min.css]
[gict.world/img/bg/logo_og_image.jpg]
[gict.world/img/lang/RU.png]
[gict.world/img/lang/EN.png]
[gict.world/bg.html]
[gict.world/index.html]
[gict.world/img/lang/BG.png]
[gict.world/img/logo/gict-logo.png]
[gict.world/ru/page/1-o-nas.html]
[gict.world/ru/page/2-nash-proyekt.html]
[gict.world/ru/page/3-informacionnaya-kopiya-ic.html]
[gict.world/ru/page/5-investicionnoe-predlozhenie.html]
[gict.world/ru/science/1-Istoriya-informatsii-kopiy.html]
[gict.world/ru/science/2-issledovaniye.html]
[gict.world/ru/page/4-kontakty.html]
[gict.world/img/slider/2.jpg]
[gict.world/ru/science/index.html]
[gict.world/img/icons/Pill.png]
[gict.world/img/icons/huge_investors.png]
[gict.world/img/icons/investment.png]
[gict.world/img/icons/history.png]
[gict.world/img/icons/send.png]
[gict.world/img/icons/quantum.png]
[gict.world/img/icons/business_model.png]
[gict.world/img/icons/web_access.png]
[gict.world/img/icons/science.png]
[gict.world/ru/science/post/2-chto-takoe-informacionnye-kopii-i-tekhnologiya-ic-medicals.html]
[gict.world/images/blog/thumbs-small/5504e5a79cab42592f84ab7db64d3d98.jpg]
[gict.world/ru/science/post/1-kak-chashka-zhivitelnoi-zhidkosti-stanovitsya-informacionnoi-kopiei-medicinskikh-resursov.html]
[gict.world/images/blog/thumbs-small/041d3290a8b7c0cbe6ed733608b1c08f.jpg]
[ajax.googleapis.com/ajax/libs/jquery/1.12.4/jquery.min.js]
[maxcdn.bootstrapcdn.com/bootstrap/3.3.7/js/bootstrap.min.js]
[gict.world/asset/js/owl.carousel.min.js]
[gict.world/asset/js/isotope.pkgd.min.js]
[gict.world/asset/js/imagesloaded.pkgd.min.js]
[gict.world/asset/js/jquery.meanmenu.js]
[gict.world/asset/js/jquery.magnific-popup.js]
[gict.world/asset/js/plugins.js]
[gict.world/ru.html]
[gict.world/asset/js/main.js]
[maxcdn.bootstrapcdn.com/bootstrap/3.3.7/fonts/glyphicons-halflings-regular.svg]
[maxcdn.bootstrapcdn.com/bootstrap/3.3.7/css/bootstrap.min.css]
[gict.world/asset/css/fonts/fontawesome-webfont.eot]
[gict.world/asset/css/src/font-awesome.min.css]
[gict.world/asset/css/src/slick.css]
[gict.world/asset/css/src/magnific-popup.css]
[gict.world/asset/css/src/material-design-iconic-font.min.css]
[gict.world/asset/css/src/animate.css]
[gict.world/asset/css/src/meanmenu.css]
[gict.world/asset/css/src/owl.carousel.css]
[gict.world/asset/css/layout/shortcodes.css]
[gict.world/asset/css/src/responsive.css]
[gict.world/en/page/1-about-us.html]
[gict.world/en/page/2-our-project.html]
[gict.world/en/page/3-information-copy-ic.html]
[gict.world/en/page/5-investment-proposal.html]
[gict.world/en/science/1-history-of-information-copies.html]
[gict.world/en/science/2-research.html]
[gict.world/en/page/4-contacts.html]
[gict.world/en/science/post/2-how-does-the-technological-model-of-ic-medical-work.html]
[gict.world/en/science/index.html]
[gict.world/index.html]
[gict.world/en/science/post/1-how-a-glass-of-live-giving-liquid-is-becoming-an-information-copy-of-medical-substance.html]
[gict.world/bg/page/1-za-nas.html]
[gict.world/bg/page/2-nashiyat-proekt.html]
[gict.world/bg/page/3-informacionno-kopie-ic.html]
[gict.world/bg/page/5-investicionno-predlozhenie.html]
[gict.world/bg/science/1-istoria-na-informacionnite-kopia.html]
[gict.world/bg/science/2-izsledvaniya.html]
[gict.world/bg/page/4-kontakti.html]
[gict.world/bg/science/post/2-kak-raboti-tekhnologichniyat-model-na-informacionnite-kopiya.html]
[gict.world/bg/science/index.html]
[gict.world/bg.html]
[gict.world/bg/science/post/1-kak-chasha-voda-stava-informacionno-kopie-na-lechebni-sredstva.html]
[gict.world/ru/page/image/1-o-nas.jpg]
[gict.world/uploads/images/logo_bodyfreq.png]
[gict.world/images/team/388abcbcb6657de3c6119f8bacc26511.jpg]
[gict.world/images/team/e82dd91ca7bcbea260052aa239510601.jpg]
[gict.world/images/team/eee95a4e43890358edc46094cf14b9dd.jpg]
[gict.world/images/team/75aa752612e085b1bc9237871f32b4b7.jpg]
[gict.world/images/team/51ee89f09563e0cdbe2ac72ed282ae90.jpg]
[gict.world/images/team/9577b7d8c0f5bb8db59e549b54a18def.jpg]
[gict.world/ru/page/1-o-nas.html]
[gict.world/ru/page/image/2-nash-proyekt.jpg]
[gict.world/ru/page/2-nash-proyekt.html]
[gict.world/ru/page/image/3-informacionnaya-kopiya-ic.jpg]
[gict.world/ru/page/3-informacionnaya-kopiya-ic.html]
[gict.world/ru/page/image/5-investicionnoe-predlozhenie.jpg]
[gict.world/ru/page/5-investicionnoe-predlozhenie.html]
[gict.world/ru/science/science.jpg]
[gict.world/ru/science/index.html]
[gict.world/ru/science/image/1-Istoriya-informatsii-kopiy.jpg]
[gict.world/ru/science/1-Istoriya-informatsii-kopiy.html]
[gict.world/ru/science/image/2-issledovaniye.jpg]
[gict.world/ru/science/2-issledovaniye.html]
[gict.world/ru/page/image/4-kontakty.jpg]
[gict.world/ru/page/4-kontakty.html]
[gict.world/images/blog/thumbs-inner/5504e5a79cab42592f84ab7db64d3d98.jpg]
[gict.world/ru/science/post/blog-details.html]
[gict.world/ru/science/post/2-chto-takoe-informacionnye-kopii-i-tekhnologiya-ic-medicals.html]
[gict.world/images/blog/thumbs-inner/041d3290a8b7c0cbe6ed733608b1c08f.jpg]
[gict.world/ru/science/post/1-kak-chashka-zhivitelnoi-zhidkosti-stanovitsya-informacionnoi-kopiei-medicinskikh-resursov.html]
[maxcdn.bootstrapcdn.com/bootstrap/3.3.7/fonts/glyphicons-halflings-regular.svg]
[gict.world/asset/css/fonts/fontawesome-webfont.eot@v=4.7.html]
[gict.world/asset/css/fonts/fontawesome-webfont.woff2@v=4.7.html]
[gict.world/asset/css/fonts/fontawesome-webfont.woff@v=4.7.html]
[gict.world/asset/css/fonts/fontawesome-webfont.ttf@v=4.7.html]
[gict.world/asset/css/fonts/fontawesome-webfont.svg@v=4.7.html]
[gict.world/asset/css/fonts/Material-Design-Iconic-Font.woff2@v=2.2.html]
[gict.world/asset/css/fonts/Material-Design-Iconic-Font.woff@v=2.2.html]
[gict.world/asset/css/fonts/Material-Design-Iconic-Font.ttf@v=2.2.html]
[gict.world/img/bg/3.jpg]
[gict.world/img/bg/about-us.jpg]
[gict.world/asset/css/layout/default.css]
[gict.world/asset/css/layout/header.css]
[gict.world/asset/css/layout/slider.css]
[gict.world/asset/css/layout/footer.css]
[gict.world/asset/css/layout/style.css]
[gict.world/en/page/image/1-about-us.jpg]
[gict.world/en/page/1-about-us.html]
[gict.world/en/page/image/2-our-project.jpg]
[gict.world/en/page/2-our-project.html]
[gict.world/en/page/image/3-information-copy-ic.jpg]
[gict.world/en/page/3-information-copy-ic.html]
[gict.world/en/page/image/5-investment-proposal.jpg]
[gict.world/en/page/5-investment-proposal.html]
[gict.world/en/science/science.jpg]
[gict.world/en/science/index.html]
[gict.world/en/science/image/1-history-of-information-copies.jpg]
[gict.world/en/science/1-history-of-information-copies.html]
[gict.world/en/science/image/2-research.jpg]
[gict.world/en/science/2-research.html]
[gict.world/en/page/image/4-contacts.jpg]
[gict.world/en/page/4-contacts.html]
[gict.world/en/science/post/blog-details.html]
[gict.world/en/science/post/2-how-does-the-technological-model-of-ic-medical-work.html]
[gict.world/en/science/post/1-how-a-glass-of-live-giving-liquid-is-becoming-an-information-copy-of-medical-substance.html]
[gict.world/bg/page/image/1-za-nas.jpg]
[gict.world/bg/page/bg.bodyfreq.com]
[gict.world/bg/page/1-za-nas.html]
[gict.world/bg/page/image/2-nashiyat-proekt.jpg]
[gict.world/bg/page/2-nashiyat-proekt.html]
[gict.world/bg/page/image/3-informacionno-kopie-ic.jpg]
[gict.world/bg/page/3-informacionno-kopie-ic.html]
[gict.world/bg/page/image/5-investicionno-predlozhenie.jpg]
[gict.world/bg/page/5-investicionno-predlozhenie.html]
[gict.world/bg/science/science.jpg]
[gict.world/bg/science/index.html]
[gict.world/bg/science/image/1-istoria-na-informacionnite-kopia.jpg]
[gict.world/bg/science/1-istoria-na-informacionnite-kopia.html]
[gict.world/bg/science/image/2-izsledvaniya.jpg]
[gict.world/bg/science/2-izsledvaniya.html]
[gict.world/bg/page/image/4-kontakti.jpg]
[gict.world/bg/page/4-kontakti.html]
[gict.world/bg/science/post/blog-details.html]
[gict.world/bg/science/post/2-kak-raboti-tekhnologichniyat-model-na-informacionnite-kopiya.html]
[gict.world/bg/science/post/1-kak-chasha-voda-stava-informacionno-kopie-na-lechebni-sredstva.html]
[gict.world/ru/science/post/blog-details.html]
[gict.world/en/science/post/blog-details.html]
[gict.world/bg/page/bg.bodyfreq.html]
[gict.world/bg/science/post/blog-details.html]
[themeshub.io/preview/boast/css/owl.video.play.png]
